========================================================================================================
0.  THE RANDOMISED PRICE TEST
========================================================================================================
 level     n  mean_rel_price  price_multiplier
     1 12672         +0.5618           +1.7538
     2 12774         +0.6895           +1.9928
     3 12574         +0.7695           +2.1588

recovered level == assigned arm for 100.0% of rows
arm shares: [0.33329826 0.33598106 0.33072067]
propensity: median min = 0.2889 (perfect overlap would be 1/3 = 0.3333); 0.00% of rows below 0.05
Contrast the observational panel in section 4, where the seller's price is so
predictable from its own history that the same number collapses.

========================================================================================================
P1.  HOMOGENEOUS ELASTICITY  ->  VUS AT CHANCE, LEVEL STILL RECOVERED
========================================================================================================
                            world  true_mean  mean_eps  oracle_bias  true_sd     vus  chance  ceiling  vus_norm
homogeneous (all three terms off)    +1.6000   +1.0060      -0.5940  +0.0000 +0.1764 +0.1667  +0.2310   +0.1507
        heterogeneous (sd = 0.55)    +1.7294   +1.2998      -0.4296  +0.6997 +0.1709 +0.1667  +0.2478   +0.0516

  With a homogeneous elasticity the posterior is the SAME for every customer -- the
  baseline demand s(x) cancels out of b_k = pi_k s_k / sum_j pi_j s_j -- so there is
  nothing for a classifier to discriminate on and VUS sits at 0.1764 against a
  chance level of 0.1667.  The elasticity is nonetheless recovered to
  -0.5940.  A model can be at chance VUS and exactly right about the answer.
========================================================================================================
P1b.  DOES `weight_cap` FLATTEN THE DEMAND CURVE?
========================================================================================================
Winsorising the unit weights truncates the largest-quantity rows -- and those are
disproportionately the CHEAP arm, so the cap should bias the demand response flat.

 weight_cap  true_mean  mean_eps  oracle_bias     vus  ceiling  vus_norm
        NaN    +1.7294   +1.2418      -0.4876 +0.1696  +0.2418   +0.0395
    +0.9990    +1.7294   +1.2210      -0.5084 +0.1741  +0.2431   +0.0968
    +0.9900    +1.7294   +1.2998      -0.4296 +0.1709  +0.2478   +0.0516
    +0.9500    +1.7294   +1.1669      -0.5625 +0.1705  +0.2391   +0.0524
========================================================================================================
P2.  SWEEPING THE HETEROGENEITY
========================================================================================================
 elasticity_sd  true_sd     vus  ceiling  vus_norm  oracle_bias  oracle_corr
       +0.0000  +0.4752 +0.1717  +0.2482   +0.0622      -0.4446      +0.2577
       +0.2000  +0.5079 +0.1724  +0.2503   +0.0686      -0.3932      +0.2757
       +0.4000  +0.6049 +0.1748  +0.2470   +0.1015      -0.4029      +0.2215
       +0.6000  +0.7323 +0.1747  +0.2530   +0.0931      -0.3847      +0.1868
       +0.8000  +0.8663 +0.1759  +0.2492   +0.1116      -0.4376      +0.1833

  normalized VUS monotone in heterogeneity: True
  spread of oracle_bias across the sweep    : +0.0599  (flat = the level does not depend on heterogeneity)

========================================================================================================
P5.  THE CEILING IS SET BY THE LEVEL OF THE ELASTICITY, NOT ITS SPREAD
========================================================================================================
 elasticity_mean  true_mean  mean_eps     vus  chance  ceiling  vus_norm   verdict
         +0.0000    +0.4204   +0.2111 +0.1749 +0.1667  +0.1913   +0.3355 plausible
         +0.5000    +0.7367   +0.4554 +0.1701 +0.1667  +0.1970   +0.1127 plausible
         +1.0000    +1.1585   +0.9607 +0.1709 +0.1667  +0.2266   +0.0703 plausible
         +1.6600    +1.7886   +1.3512 +0.1746 +0.1667  +0.2490   +0.0963 plausible
         +2.5000    +2.6216   +1.9129 +0.1759 +0.1667  +0.2831   +0.0798 plausible

  The ceiling rises with the elasticity because that is what pulls the arms apart: at zero
  elasticity every arm sells the same and the classes are indistinguishable in principle.
  So a raw VUS is uninterpretable without it -- the same 0.20 is near-perfect against a
  ceiling of 0.22 and near-worthless against a ceiling of 0.9.
  P5 -- no measured VUS exceeds its ceiling: True

========================================================================================================
P3.  DOES VUS TRACK THE RANKING OR THE LEVEL?
========================================================================================================
Each row is one model configuration on one world.  If the theory is right,
vus_norm correlates with oracle_corr and not with |oracle_bias|.

 elasticity_sd constraint  num_leaves  weight_cap     vus  vus_norm  oracle_corr  oracle_bias  oracle_rmse
       +0.0000       none           8         NaN +0.1793   +0.1385      +0.4472      -0.3063      +0.7568
       +0.0000       none          31         NaN +0.1734   +0.0890      +0.2017      -0.4926      +1.4978
       +0.0000       none         127         NaN +0.1757   +0.1434      +0.0677      -0.8456      +2.6584
       +0.0000       none          31     +0.9900 +0.1717   +0.0622      +0.2577      -0.4446      +1.4902
       +0.0000   isotonic           8         NaN +0.1793   +0.1345      +0.4659      -0.2565      +0.6932
       +0.0000   isotonic          31         NaN +0.1734   +0.0670      +0.2277      -0.1170      +1.1393
       +0.0000   isotonic         127         NaN +0.1757   +0.0668      +0.0645      +0.2224      +1.8236
       +0.0000   isotonic          31     +0.9900 +0.1717   +0.0487      +0.2579      -0.0772      +1.1433
       +0.0000   softplus           8         NaN +0.1690   +0.0248      +0.6283      -0.1834      +0.5924
       +0.0000   softplus          31         NaN +0.1656   -0.0132      +0.6494      -0.3495      +0.5608
       +0.0000   softplus         127         NaN +0.1735   +0.0883      +0.7229      -0.7136      +0.7867
       +0.0000   softplus          31     +0.9900 +0.1659   -0.0093      +0.6706      -0.3141      +0.5247
       +0.3000       none           8         NaN +0.1814   +0.1655      +0.3422      -0.3648      +0.8315
       +0.3000       none          31         NaN +0.1720   +0.0666      +0.2366      -0.4560      +1.4859
       +0.3000       none         127         NaN +0.1761   +0.1513      +0.1265      -1.1399      +2.7453
       +0.3000       none          31     +0.9900 +0.1741   +0.0874      +0.2388      -0.3702      +1.4523
       +0.3000   isotonic           8         NaN +0.1814   +0.1611      +0.3431      -0.3172      +0.7803
       +0.3000   isotonic          31         NaN +0.1720   +0.0514      +0.2336      -0.0813      +1.1708
       +0.3000   isotonic         127         NaN +0.1761   +0.0744      +0.1286      +0.0735      +1.7642
       +0.3000   isotonic          31     +0.9900 +0.1741   +0.0695      +0.2507      -0.0160      +1.1544
       +0.3000   softplus           8         NaN +0.1689   +0.0246      +0.5265      -0.2088      +0.6728
       +0.3000   softplus          31         NaN +0.1657   -0.0119      +0.5361      -0.3715      +0.6516
       +0.3000   softplus         127         NaN +0.1736   +0.0901      +0.5797      -0.7329      +0.8597
       +0.3000   softplus          31     +0.9900 +0.1658   -0.0099      +0.5553      -0.3349      +0.6167
       +0.5500       none           8         NaN +0.1798   +0.1445      +0.2704      -0.3281      +0.9379
       +0.5500       none          31         NaN +0.1696   +0.0395      +0.2139      -0.4876      +1.5412
       +0.5500       none         127         NaN +0.1741   +0.1505      +0.0306      -1.1048      +2.8161
       +0.5500       none          31     +0.9900 +0.1709   +0.0516      +0.2559      -0.4296      +1.5144
       +0.5500   isotonic           8         NaN +0.1798   +0.1409      +0.2745      -0.2850      +0.8946
       +0.5500   isotonic          31         NaN +0.1696   +0.0298      +0.2137      -0.1246      +1.2334
       +0.5500   isotonic         127         NaN +0.1741   +0.0585      +0.0354      +0.0718      +1.8281
       +0.5500   isotonic          31     +0.9900 +0.1709   +0.0399      +0.2552      -0.0578      +1.2120
       +0.5500   softplus           8         NaN +0.1689   +0.0246      +0.4010      -0.2281      +0.8188
       +0.5500   softplus          31         NaN +0.1657   -0.0115      +0.3993      -0.3942      +0.8065
       +0.5500   softplus         127         NaN +0.1735   +0.0897      +0.4180      -0.7524      +0.9850
       +0.5500   softplus          31     +0.9900 +0.1658   -0.0099      +0.4181      -0.3522      +0.7712
       +0.8000       none           8         NaN +0.1781   +0.1309      +0.2309      -0.4194      +1.0874
       +0.8000       none          31         NaN +0.1754   +0.1049      +0.1869      -0.3695      +1.6127
       +0.8000       none         127         NaN +0.1742   +0.1183      +0.0960      -0.9062      +2.7074
       +0.8000       none          31     +0.9900 +0.1759   +0.1116      +0.1833      -0.4376      +1.6173
       +0.8000   isotonic           8         NaN +0.1781   +0.1272      +0.2326      -0.3717      +1.0429
       +0.8000   isotonic          31         NaN +0.1754   +0.0817      +0.1797      -0.0213      +1.3582
       +0.8000   isotonic         127         NaN +0.1742   +0.0561      +0.0924      +0.1868      +1.9138
       +0.8000   isotonic          31     +0.9900 +0.1759   +0.0867      +0.1809      -0.0629      +1.3275
       +0.8000   softplus           8         NaN +0.1690   +0.0252      +0.3088      -0.2466      +0.9791
       +0.8000   softplus          31         NaN +0.1656   -0.0127      +0.3004      -0.4138      +0.9745
       +0.8000   softplus         127         NaN +0.1736   +0.0899      +0.2961      -0.7723      +1.1321
       +0.8000   softplus          31     +0.9900 +0.1659   -0.0095      +0.3153      -0.3731      +0.9439

  n = 48 configurations

    spearman( vus_norm , oracle_corr )   = -0.358      <- the RANKING
    spearman( vus_norm , |oracle_bias| ) = +0.300      <- the LEVEL
    spearman( vus_norm , oracle_rmse )   = +0.340

  P3 holds if the first is clearly positive and the second is near zero.

========================================================================================================
4.  THE SAME MODEL ON OBSERVATIONAL DATA — AND WHY THE AUDIT CATCHES IT
========================================================================================================
  VUS                 0.8860
  ceiling             0.2868
  verdict             impossible
  implied demand      {'cheap/mid': 0.7354268909824662, 'mid/expensive': 1.5270307938149623, 'cheap/expensive': 1.1230195091298252}
  min propensity p5   0.0194   (69.8% of rows below 0.05)
  mean elasticity     +0.1066  (true +1.6584)

  The verdict is 'impossible': the classifier separates the price levels far better
  than its own measured demand response could possibly explain.  It is not learning demand.
  It is reconstructing the current price from `lag_log_price` and `roll4_log_price`, which
  are legitimate controls and also nearly determine the label, so the assignment is close
  to deterministic and inverse-propensity weighting has nothing to work with.

  That is a positivity (overlap) violation, and it is the honest answer for this panel: the
  price-test construction needs a price test.  What is worth noting is that nobody had to
  suspect it -- `roc3.pricetest.audit` derives the ceiling from the model's own output and
  flags the impossibility automatically.
                panel     vus  ceiling    verdict  oracle_bias
randomised price test +0.1709  +0.2478  plausible      -0.4296
        observational +0.8860  +0.2868 impossible      -1.5518

wrote experiments/out/17_*.csv
