300,000 quotes -> train 210,000 / valid 90,000   conversion 0.3735
true elasticity at control: mean +2.1153, sd 1.2328

========================================================================================================
1.  THE ADMISSIBLE REGION IS A TRIANGLE, AND THE GAUGE MAPS IT TO THE STANDARD ONE
========================================================================================================
standard ordered chamber {v1>=v2>=v3}      admissible region {b1/pi1>=b2/pi2>=b3/pi3}
   [1. 0. 0.]                  ->   [1. 0. 0.]
   [0.5 0.5 0. ]                  ->   [0.1111 0.8889 0.    ]
   [0.3333 0.3333 0.3333]                  ->   [0.1 0.8 0.1]
OK    the gauge sends the admissible region back to the standard chamber   max err 0.00e+00

   area(standard chamber)  = 0.1667
   area(admissible region) = 0.0889
   -> at 0.1/0.8/0.1 the admissible set is a different, much smaller triangle.
      Enforcing b1>=b2>=b3 would be enforcing the wrong one.

========================================================================================================
2.  THREE ROUTES TO THE BALANCED COORDINATES
========================================================================================================
   balance  mean_eps  sd_eps    bias    rmse    corr  vus_balanced  vus_raw  pct_ordered_in_balanced_coords  ess_frac
      none   +1.8420 +1.7206 -0.2734 +1.6468 +0.4344       +0.1765  +0.1765                         +0.5796   +1.0000
   weights   +1.8939 +1.9145 -0.2214 +1.7728 +0.4430       +0.1774  +0.1774                         +0.5549   +0.4251
oversample   +1.8456 +1.8260 -0.2698 +1.7320 +0.4280       +0.1789  +0.1789                         +0.5829   +1.0000
OK    the gauge leaves VUS unchanged (raw vs balanced coordinates)   max diff 0.00e+00
OK    weighting DOES change the fit (a different loss gives a different model)   none +1.8420 vs weights +1.8939

  So the user's two routes are exactly as described, and the gauge theorem says why they
  must agree on VUS: the map b -> (b_k/pi_k)/sum is a gauge, and VUS is invariant under it.
  They do NOT agree on the fitted model, because a weighted log-loss is a different
  objective -- weighting spends effective sample size (ess_frac above) to buy coordinates
  the transformation gives for free.
========================================================================================================
3.  THE MODEL SET
========================================================================================================
true mean elasticity at control = +2.1153, sd = 1.2328

                            model  mean_eps  sd_eps    bias    rmse    corr  pct_negative  conv_logloss
                   conversion_glm   +1.7200 +0.6820 -0.3954 +0.8562 +0.8374       +0.0000       +0.5167
      glm_then_gbm (price hidden)   +1.7201 +0.6832 -0.3952 +0.8581 +0.8349       +0.0000       +0.5174
       glm_then_gbm (price shown)   +1.7289 +0.7033 -0.3864 +0.8691 +0.8122       +0.0000       +0.5174
                   conversion_gbm   +1.7900 +0.9524 -0.3253 +1.1640 +0.5016       +0.0011       +0.5213
   arm_posterior (none, isotonic)   +2.0605 +1.5096 -0.0548 +1.4726 +0.4388       +0.0000           NaN
                         tlearner   +1.8947 +1.6420 -0.2207 +1.5238 +0.4799       +0.0860       +0.5251
arm_posterior (weights, isotonic)   +2.1703 +1.6677 +0.0549 +1.5844 +0.4363       +0.0000           NaN
    arm_posterior (weights, free)   +1.8939 +1.9145 -0.2214 +1.7728 +0.4430       +0.1366           NaN

========================================================================================================
4.  GATES -- REALISED ELASTICITY BY PREDICTED BIN (assumption-free: arms are random)
========================================================================================================

--- conversion_glm ---   monotone: True
 bin     n  eps_predicted  eps_realised      se  conv_arm0  conv_arm2
   1 18000        +0.6599       +0.4976 +0.0928    +0.7993    +0.7234
   2 18000        +1.3456       +1.2915 +0.1657    +0.5797    +0.4473
   3 18000        +1.8345       +1.9476 +0.2375    +0.4070    +0.2754
   4 18000        +2.2201       +2.6787 +0.3605    +0.2372    +0.1386
   5 18000        +2.5397       +3.0676 +0.6068    +0.1008    +0.0545

--- conversion_gbm ---   monotone: False
 bin     n  eps_predicted  eps_realised      se  conv_arm0  conv_arm2
   1 18000        +0.4954       +0.5301 +0.1221    +0.6874    +0.6180
   2 18000        +1.2071       +1.3522 +0.1943    +0.4829    +0.3681
   3 18000        +1.7628       +1.1229 +0.2532    +0.3419    +0.2729
   4 18000        +2.3184       +2.2874 +0.2830    +0.3300    +0.2085
   5 18000        +3.1665       +2.6014 +0.3182    +0.2922    +0.1733

--- arm_posterior (weights, isotonic) ---   monotone: False
 bin     n  eps_predicted  eps_realised      se  conv_arm0  conv_arm2
   1 18000        +0.2431       +0.6912 +0.1657    +0.5393    +0.4695
   2 18000        +1.1356       +1.4735 +0.1916    +0.5065    +0.3768
   3 18000        +1.9002       +1.2444 +0.2137    +0.4331    +0.3374
   4 18000        +2.8077       +1.6798 +0.2463    +0.3785    +0.2702
   5 18000        +4.7648       +1.8136 +0.2997    +0.2814    +0.1956

========================================================================================================
5.  PROFIT -- WHAT THE ELASTICITY IS FOR
========================================================================================================
                                      policy  profit_per_quote    se  conversion        ess  lift_over_best_flat  lift_in_se  pct_arm_dear
                   Lerner via conversion_glm            86.355 2.875       0.337  9,626.292                0.160       0.055         0.832
                                    all dear            86.195 2.979       0.329  9,005.000                0.000       0.000         1.000
       Lerner via glm_then_gbm (price shown)            86.120 2.874       0.337  9,615.904               -0.075      -0.026         0.830
      Lerner via glm_then_gbm (price hidden)            85.631 2.834       0.336  9,631.526               -0.564      -0.199         0.832
                   Lerner via conversion_gbm            85.469 2.844       0.346  9,632.264               -0.727      -0.255         0.792
                         Lerner via tlearner            82.972 2.316       0.349  9,614.678               -3.223      -1.392         0.742
   Lerner via arm_posterior (none, isotonic)            79.865 2.080       0.352  9,514.427               -6.330      -3.043         0.734
    Lerner via arm_posterior (weights, free)            79.671 2.156       0.350  9,526.661               -6.524      -3.026         0.727
Lerner via arm_posterior (weights, isotonic)            78.947 2.099       0.352  9,584.744               -7.248      -3.453         0.708
                                 all control            75.411 0.821       0.373 72,076.000              -10.784     -13.141         0.000
                                   all cheap            55.955 1.768       0.427  8,919.000              -30.240     -17.102         0.000

  Read the last two columns before the first.  The best FLAT policy earns 86.20;
  every targeted policy is compared against that, in units of its own standard error.  With
  only 10% of traffic in each side arm a policy that recommends them is evaluated on about
  9,600 effective quotes, so differences of less than about 4.6 are noise.

========================================================================================================
all structural checks passed
